[INFO] Scanning for projects...
[INFO] 
[INFO] --------------------< com.alochitosongbad:backend >---------------------
[INFO] Building alochito-songbad-backend 0.0.1-SNAPSHOT
[INFO]   from pom.xml
[INFO] --------------------------------[ jar ]---------------------------------
[INFO] 
[INFO] >>> spring-boot:3.5.0:run (default-cli) > test-compile @ backend >>>
[INFO] 
[INFO] --- resources:3.3.1:resources (default-resources) @ backend ---
[INFO] Copying 4 resources from src\main\resources to target\classes
[INFO] Copying 10 resources from src\main\resources to target\classes
[INFO] 
[INFO] --- compiler:3.14.0:compile (default-compile) @ backend ---
[INFO] Nothing to compile - all classes are up to date.
[INFO] 
[INFO] --- resources:3.3.1:testResources (default-testResources) @ backend ---
[INFO] skip non existing resourceDirectory F:\projects\alochito-songbad\backend\src\test\resources
[INFO] 
[INFO] --- compiler:3.14.0:testCompile (default-testCompile) @ backend ---
[INFO] Nothing to compile - all classes are up to date.
[INFO] 
[INFO] <<< spring-boot:3.5.0:run (default-cli) < test-compile @ backend <<<
[INFO] 
[INFO] 
[INFO] --- spring-boot:3.5.0:run (default-cli) @ backend ---
[INFO] Attaching agents: []

  .   ____          _            __ _ _
 /\\ / ___'_ __ _ _(_)_ __  __ _ \ \ \ \
( ( )\___ | '_ | '_| | '_ \/ _` | \ \ \ \
 \\/  ___)| |_)| | | | | || (_| |  ) ) ) )
  '  |____| .__|_| |_|_| |_\__, | / / / /
 =========|_|==============|___/=/_/_/_/

 :: Spring Boot ::                (v3.5.0)

2026-05-07T16:55:49.610+06:00  INFO 23184 --- [alochito-songbad-backend] [           main] c.a.AlochitoSongbadApplication           : Starting AlochitoSongbadApplication using Java 17.0.18 with PID 23184 (F:\projects\alochito-songbad\backend\target\classes started by ASUS in F:\projects\alochito-songbad\backend)
2026-05-07T16:55:49.627+06:00  INFO 23184 --- [alochito-songbad-backend] [           main] c.a.AlochitoSongbadApplication           : The following 1 profile is active: "dev"
2026-05-07T16:55:50.818+06:00  INFO 23184 --- [alochito-songbad-backend] [           main] .s.d.r.c.RepositoryConfigurationDelegate : Bootstrapping Spring Data JPA repositories in DEFAULT mode.
2026-05-07T16:55:50.966+06:00  INFO 23184 --- [alochito-songbad-backend] [           main] .s.d.r.c.RepositoryConfigurationDelegate : Finished Spring Data repository scanning in 132 ms. Found 8 JPA repository interfaces.
2026-05-07T16:55:52.273+06:00  INFO 23184 --- [alochito-songbad-backend] [           main] o.s.b.w.embedded.tomcat.TomcatWebServer  : Tomcat initialized with port 8081 (http)
2026-05-07T16:55:52.295+06:00  INFO 23184 --- [alochito-songbad-backend] [           main] o.apache.catalina.core.StandardService   : Starting service [Tomcat]
2026-05-07T16:55:52.296+06:00  INFO 23184 --- [alochito-songbad-backend] [           main] o.apache.catalina.core.StandardEngine    : Starting Servlet engine: [Apache Tomcat/10.1.41]
2026-05-07T16:55:52.373+06:00  INFO 23184 --- [alochito-songbad-backend] [           main] o.a.c.c.C.[Tomcat].[localhost].[/]       : Initializing Spring embedded WebApplicationContext
2026-05-07T16:55:52.374+06:00  INFO 23184 --- [alochito-songbad-backend] [           main] w.s.c.ServletWebServerApplicationContext : Root WebApplicationContext: initialization completed in 2691 ms
2026-05-07T16:55:52.591+06:00  INFO 23184 --- [alochito-songbad-backend] [           main] o.hibernate.jpa.internal.util.LogHelper  : HHH000204: Processing PersistenceUnitInfo [name: default]
2026-05-07T16:55:52.650+06:00  INFO 23184 --- [alochito-songbad-backend] [           main] org.hibernate.Version                    : HHH000412: Hibernate ORM core version 6.6.15.Final
2026-05-07T16:55:52.734+06:00  INFO 23184 --- [alochito-songbad-backend] [           main] o.h.c.internal.RegionFactoryInitiator    : HHH000026: Second-level cache disabled
2026-05-07T16:55:53.433+06:00  INFO 23184 --- [alochito-songbad-backend] [           main] o.s.o.j.p.SpringPersistenceUnitInfo      : No LoadTimeWeaver setup: ignoring JPA class transformer
2026-05-07T16:55:53.483+06:00  INFO 23184 --- [alochito-songbad-backend] [           main] com.zaxxer.hikari.HikariDataSource       : HikariPool-1 - Starting...
2026-05-07T16:55:53.766+06:00  INFO 23184 --- [alochito-songbad-backend] [           main] com.zaxxer.hikari.pool.HikariPool        : HikariPool-1 - Added connection conn0: url=jdbc:h2:mem:alochito-db user=SA
2026-05-07T16:55:53.769+06:00  INFO 23184 --- [alochito-songbad-backend] [           main] com.zaxxer.hikari.HikariDataSource       : HikariPool-1 - Start completed.
2026-05-07T16:55:53.795+06:00  WARN 23184 --- [alochito-songbad-backend] [           main] org.hibernate.orm.deprecation            : HHH90000025: H2Dialect does not need to be specified explicitly using 'hibernate.dialect' (remove the property setting and it will be selected by default)
2026-05-07T16:55:53.826+06:00  INFO 23184 --- [alochito-songbad-backend] [           main] org.hibernate.orm.connections.pooling    : HHH10001005: Database info:
	Database JDBC URL [Connecting through datasource 'HikariDataSource (HikariPool-1)']
	Database driver: undefined/unknown
	Database version: 2.3.232
	Autocommit mode: undefined/unknown
	Isolation level: undefined/unknown
	Minimum pool size: undefined/unknown
	Maximum pool size: undefined/unknown
2026-05-07T16:55:55.004+06:00  INFO 23184 --- [alochito-songbad-backend] [           main] o.h.e.t.j.p.i.JtaPlatformInitiator       : HHH000489: No JTA platform available (set 'hibernate.transaction.jta.platform' to enable JTA platform integration)
Hibernate: drop table if exists breaking_news cascade 
Hibernate: drop table if exists categories cascade 
Hibernate: drop table if exists comments cascade 
Hibernate: drop table if exists media_assets cascade 
Hibernate: drop table if exists news cascade 
Hibernate: drop table if exists news_tags cascade 
Hibernate: drop table if exists reactions cascade 
Hibernate: drop table if exists tags cascade 
Hibernate: drop table if exists users cascade 
Hibernate: create table breaking_news (active boolean not null, created_at timestamp(6), id bigint generated by default as identity, updated_at timestamp(6), text TEXT not null, primary key (id))
Hibernate: create table categories (created_at timestamp(6), id bigint generated by default as identity, updated_at timestamp(6), name varchar(255) not null, slug varchar(255) not null unique, status varchar(255) not null, primary key (id))
Hibernate: create table comments (created_at timestamp(6), id bigint generated by default as identity, news_id bigint not null, updated_at timestamp(6), author varchar(255) not null, content TEXT not null, status varchar(255) not null, primary key (id))
Hibernate: create table media_assets (created_at timestamp(6), id bigint generated by default as identity, size bigint not null, content_type varchar(255) not null, file_name varchar(255) not null, file_url varchar(255) not null, uploaded_by varchar(255) not null, primary key (id))
Hibernate: create table news (is_breaking boolean, is_featured boolean, author_id bigint, category_id bigint, created_at timestamp(6), id bigint generated by default as identity, publish_date timestamp(6), scheduled_at timestamp(6), updated_at timestamp(6), view_count bigint not null, image_url varchar(500), content TEXT, created_by varchar(255), image_alt varchar(255), image_caption TEXT, image_source varchar(255), published_by varchar(255), reporter_name varchar(255), seo_description TEXT, seo_title varchar(255), slug varchar(255) not null unique, source varchar(255), status varchar(255) not null, subtitle varchar(255), tags TEXT, title varchar(255) not null, updated_by varchar(255), primary key (id))
Hibernate: create table news_tags (news_id bigint not null, tag_id bigint not null, primary key (news_id, tag_id))
Hibernate: create table reactions (created_at timestamp(6) not null, id bigint generated by default as identity, news_id bigint, ip_hash varchar(64) not null, reaction_type varchar(255) not null, primary key (id), constraint uk_reactions_news_ip unique (news_id, ip_hash))
Hibernate: create table tags (created_at timestamp(6) not null, id bigint generated by default as identity, name varchar(100) not null unique, slug varchar(120) not null unique, primary key (id))
Hibernate: create table users (is_public boolean not null, created_at timestamp(6), id bigint generated by default as identity, updated_at timestamp(6), facebook_url varchar(300), twitter_url varchar(300), profile_image_url varchar(500), bio TEXT, designation varchar(255), display_name varchar(255), email_public varchar(255), password varchar(255) not null, role varchar(255) not null, status varchar(255) not null, username varchar(255) not null unique, primary key (id))
Hibernate: alter table if exists comments add constraint FKqx89vg0vuof2ninmn5x5eqau2 foreign key (news_id) references news
Hibernate: alter table if exists news add constraint FK3qvva8ftw201mxkeuirniflgb foreign key (author_id) references users
Hibernate: alter table if exists news add constraint FK6itmfjj4ma8lfpj10jx24mhvx foreign key (category_id) references categories
Hibernate: alter table if exists news_tags add constraint FKmxybux66esr4l53vedblnrqvx foreign key (tag_id) references tags
Hibernate: alter table if exists news_tags add constraint FKi06sdgpsvq2oxtharq5q1rc3x foreign key (news_id) references news
Hibernate: alter table if exists reactions add constraint FKhg8fiuehoj5lu4jx14thv70k5 foreign key (news_id) references news
2026-05-07T16:55:55.225+06:00  INFO 23184 --- [alochito-songbad-backend] [           main] j.LocalContainerEntityManagerFactoryBean : Initialized JPA EntityManagerFactory for persistence unit 'default'
2026-05-07T16:55:55.539+06:00  INFO 23184 --- [alochito-songbad-backend] [           main] o.s.d.j.r.query.QueryEnhancerFactory     : Hibernate is in classpath; If applicable, HQL parser will be used.
2026-05-07T16:55:59.114+06:00  INFO 23184 --- [alochito-songbad-backend] [           main] com.alochitosongbad.common.CorsConfig    : Configured CORS origins: [http://localhost:4200]
2026-05-07T16:55:59.161+06:00  INFO 23184 --- [alochito-songbad-backend] [           main] c.a.media.MediaAssetService              : Media upload directory ready at F:\projects\alochito-songbad\backend\uploads
2026-05-07T16:55:59.435+06:00  WARN 23184 --- [alochito-songbad-backend] [           main] .s.s.UserDetailsServiceAutoConfiguration : 

Using generated security password: 3ad2240b-083b-4424-a081-b86e4ba07691

This generated password is for development use only. Your security configuration must be updated before running your application in production.

2026-05-07T16:55:59.444+06:00  INFO 23184 --- [alochito-songbad-backend] [           main] r$InitializeUserDetailsManagerConfigurer : Global AuthenticationManager configured with UserDetailsService bean with name inMemoryUserDetailsManager
2026-05-07T16:55:59.978+06:00  INFO 23184 --- [alochito-songbad-backend] [           main] o.s.b.w.embedded.tomcat.TomcatWebServer  : Tomcat started on port 8081 (http) with context path '/'
2026-05-07T16:55:59.991+06:00  INFO 23184 --- [alochito-songbad-backend] [           main] c.a.AlochitoSongbadApplication           : Started AlochitoSongbadApplication in 11.139 seconds (process running for 11.794)
Hibernate: select c1_0.id from categories c1_0 where c1_0.slug=? fetch first ? rows only
Hibernate: insert into categories (created_at,name,slug,status,updated_at,id) values (?,?,?,?,?,default)
Hibernate: select c1_0.id from categories c1_0 where c1_0.slug=? fetch first ? rows only
Hibernate: insert into categories (created_at,name,slug,status,updated_at,id) values (?,?,?,?,?,default)
Hibernate: select c1_0.id from categories c1_0 where c1_0.slug=? fetch first ? rows only
Hibernate: insert into categories (created_at,name,slug,status,updated_at,id) values (?,?,?,?,?,default)
Hibernate: select c1_0.id from categories c1_0 where c1_0.slug=? fetch first ? rows only
Hibernate: insert into categories (created_at,name,slug,status,updated_at,id) values (?,?,?,?,?,default)
Hibernate: select c1_0.id from categories c1_0 where c1_0.slug=? fetch first ? rows only
Hibernate: insert into categories (created_at,name,slug,status,updated_at,id) values (?,?,?,?,?,default)
2026-05-07T16:56:00.261+06:00  INFO 23184 --- [alochito-songbad-backend] [           main] c.a.category.DefaultCategorySeeder       : mysql-dev category seeder created 5 categories
Hibernate: select u1_0.id,u1_0.bio,u1_0.created_at,u1_0.designation,u1_0.display_name,u1_0.email_public,u1_0.facebook_url,u1_0.password,u1_0.profile_image_url,u1_0.is_public,u1_0.role,u1_0.status,u1_0.twitter_url,u1_0.updated_at,u1_0.username from users u1_0 where u1_0.username=?
Hibernate: insert into users (bio,created_at,designation,display_name,email_public,facebook_url,password,profile_image_url,is_public,role,status,twitter_url,updated_at,username,id) values (?,?,?,?,?,?,?,?,?,?,?,?,?,?,default)
Hibernate: select u1_0.id,u1_0.bio,u1_0.created_at,u1_0.designation,u1_0.display_name,u1_0.email_public,u1_0.facebook_url,u1_0.password,u1_0.profile_image_url,u1_0.is_public,u1_0.role,u1_0.status,u1_0.twitter_url,u1_0.updated_at,u1_0.username from users u1_0 where u1_0.username=?
Hibernate: insert into users (bio,created_at,designation,display_name,email_public,facebook_url,password,profile_image_url,is_public,role,status,twitter_url,updated_at,username,id) values (?,?,?,?,?,?,?,?,?,?,?,?,?,?,default)
Hibernate: select u1_0.id,u1_0.bio,u1_0.created_at,u1_0.designation,u1_0.display_name,u1_0.email_public,u1_0.facebook_url,u1_0.password,u1_0.profile_image_url,u1_0.is_public,u1_0.role,u1_0.status,u1_0.twitter_url,u1_0.updated_at,u1_0.username from users u1_0 where u1_0.username=?
Hibernate: insert into users (bio,created_at,designation,display_name,email_public,facebook_url,password,profile_image_url,is_public,role,status,twitter_url,updated_at,username,id) values (?,?,?,?,?,?,?,?,?,?,?,?,?,?,default)
2026-05-07T16:56:27.733+06:00  INFO 23184 --- [alochito-songbad-backend] [nio-8081-exec-3] o.a.c.c.C.[Tomcat].[localhost].[/]       : Initializing Spring DispatcherServlet 'dispatcherServlet'
2026-05-07T16:56:27.734+06:00  INFO 23184 --- [alochito-songbad-backend] [nio-8081-exec-3] o.s.web.servlet.DispatcherServlet        : Initializing Servlet 'dispatcherServlet'
2026-05-07T16:56:27.735+06:00  INFO 23184 --- [alochito-songbad-backend] [nio-8081-exec-3] o.s.web.servlet.DispatcherServlet        : Completed initialization in 1 ms
Hibernate: select c1_0.id,c1_0.created_at,c1_0.name,c1_0.slug,c1_0.status,c1_0.updated_at from categories c1_0
Hibernate: select n1_0.id,n1_0.author_id,n1_0.is_breaking,n1_0.category_id,n1_0.content,n1_0.created_at,n1_0.created_by,n1_0.is_featured,n1_0.image_alt,n1_0.image_caption,n1_0.image_source,n1_0.image_url,n1_0.publish_date,n1_0.published_by,n1_0.reporter_name,n1_0.scheduled_at,n1_0.seo_description,n1_0.seo_title,n1_0.slug,n1_0.source,n1_0.status,n1_0.subtitle,n1_0.tags,n1_0.title,n1_0.updated_at,n1_0.updated_by,n1_0.view_count from news n1_0 where n1_0.status=? and coalesce(n1_0.publish_date,n1_0.scheduled_at,n1_0.created_at)<=? order by coalesce(n1_0.publish_date,n1_0.scheduled_at,n1_0.created_at) desc,n1_0.id desc fetch first ? rows only
Hibernate: select n1_0.id,n1_0.author_id,n1_0.is_breaking,n1_0.category_id,n1_0.content,n1_0.created_at,n1_0.created_by,n1_0.is_featured,n1_0.image_alt,n1_0.image_caption,n1_0.image_source,n1_0.image_url,n1_0.publish_date,n1_0.published_by,n1_0.reporter_name,n1_0.scheduled_at,n1_0.seo_description,n1_0.seo_title,n1_0.slug,n1_0.source,n1_0.status,n1_0.subtitle,n1_0.tags,n1_0.title,n1_0.updated_at,n1_0.updated_by,n1_0.view_count from news n1_0 where n1_0.status=? and coalesce(n1_0.publish_date,n1_0.scheduled_at,n1_0.created_at)<=? order by coalesce(n1_0.publish_date,n1_0.scheduled_at,n1_0.created_at) desc,n1_0.id desc fetch first ? rows only
Hibernate: select u1_0.id,u1_0.bio,u1_0.created_at,u1_0.designation,u1_0.display_name,u1_0.email_public,u1_0.facebook_url,u1_0.password,u1_0.profile_image_url,u1_0.is_public,u1_0.role,u1_0.status,u1_0.twitter_url,u1_0.updated_at,u1_0.username from users u1_0 where u1_0.is_public=true and u1_0.role in ('reporter','editor','admin') order by coalesce(u1_0.display_name,u1_0.username),u1_0.username
Hibernate: select c1_0.id,c1_0.created_at,c1_0.name,c1_0.slug,c1_0.status,c1_0.updated_at from categories c1_0
Hibernate: select n1_0.id,n1_0.author_id,n1_0.is_breaking,n1_0.category_id,n1_0.content,n1_0.created_at,n1_0.created_by,n1_0.is_featured,n1_0.image_alt,n1_0.image_caption,n1_0.image_source,n1_0.image_url,n1_0.publish_date,n1_0.published_by,n1_0.reporter_name,n1_0.scheduled_at,n1_0.seo_description,n1_0.seo_title,n1_0.slug,n1_0.source,n1_0.status,n1_0.subtitle,n1_0.tags,n1_0.title,n1_0.updated_at,n1_0.updated_by,n1_0.view_count from news n1_0 where n1_0.status=? and coalesce(n1_0.publish_date,n1_0.scheduled_at,n1_0.created_at)<=? order by coalesce(n1_0.publish_date,n1_0.scheduled_at,n1_0.created_at) desc,n1_0.id desc fetch first ? rows only
Hibernate: select u1_0.id,u1_0.bio,u1_0.created_at,u1_0.designation,u1_0.display_name,u1_0.email_public,u1_0.facebook_url,u1_0.password,u1_0.profile_image_url,u1_0.is_public,u1_0.role,u1_0.status,u1_0.twitter_url,u1_0.updated_at,u1_0.username from users u1_0 where u1_0.is_public=true and u1_0.role in ('reporter','editor','admin') order by coalesce(u1_0.display_name,u1_0.username),u1_0.username
Hibernate: select n1_0.id,n1_0.author_id,n1_0.is_breaking,n1_0.category_id,n1_0.content,n1_0.created_at,n1_0.created_by,n1_0.is_featured,n1_0.image_alt,n1_0.image_caption,n1_0.image_source,n1_0.image_url,n1_0.publish_date,n1_0.published_by,n1_0.reporter_name,n1_0.scheduled_at,n1_0.seo_description,n1_0.seo_title,n1_0.slug,n1_0.source,n1_0.status,n1_0.subtitle,n1_0.tags,n1_0.title,n1_0.updated_at,n1_0.updated_by,n1_0.view_count from news n1_0 where n1_0.status=? and coalesce(n1_0.publish_date,n1_0.scheduled_at,n1_0.created_at)<=? order by coalesce(n1_0.publish_date,n1_0.scheduled_at,n1_0.created_at) desc,n1_0.id desc fetch first ? rows only
Hibernate: select u1_0.id,u1_0.bio,u1_0.created_at,u1_0.designation,u1_0.display_name,u1_0.email_public,u1_0.facebook_url,u1_0.password,u1_0.profile_image_url,u1_0.is_public,u1_0.role,u1_0.status,u1_0.twitter_url,u1_0.updated_at,u1_0.username from users u1_0 where u1_0.username=? and u1_0.is_public
Hibernate: select u1_0.id,u1_0.bio,u1_0.created_at,u1_0.designation,u1_0.display_name,u1_0.email_public,u1_0.facebook_url,u1_0.password,u1_0.profile_image_url,u1_0.is_public,u1_0.role,u1_0.status,u1_0.twitter_url,u1_0.updated_at,u1_0.username from users u1_0 where u1_0.username=? and u1_0.is_public
Hibernate: select n1_0.id,n1_0.author_id,n1_0.is_breaking,n1_0.category_id,n1_0.content,n1_0.created_at,n1_0.created_by,n1_0.is_featured,n1_0.image_alt,n1_0.image_caption,n1_0.image_source,n1_0.image_url,n1_0.publish_date,n1_0.published_by,n1_0.reporter_name,n1_0.scheduled_at,n1_0.seo_description,n1_0.seo_title,n1_0.slug,n1_0.source,n1_0.status,n1_0.subtitle,n1_0.tags,n1_0.title,n1_0.updated_at,n1_0.updated_by,n1_0.view_count from news n1_0 where n1_0.status=? and coalesce(n1_0.publish_date,n1_0.scheduled_at,n1_0.created_at)<=? and (n1_0.author_id=? or lower(coalesce(n1_0.reporter_name,''))=lower(?)) order by coalesce(n1_0.publish_date,n1_0.scheduled_at,n1_0.created_at) desc,n1_0.id desc fetch first ? rows only
2026-05-07T22:42:56.045+06:00  WARN 23184 --- [alochito-songbad-backend] [l-1:housekeeper] com.zaxxer.hikari.pool.HikariPool        : HikariPool-1 - Thread starvation or clock leap detected (housekeeper delta=4h42m33s930ms207탎800ns).
2026-05-08T11:55:30.834+06:00  WARN 23184 --- [alochito-songbad-backend] [l-1:housekeeper] com.zaxxer.hikari.pool.HikariPool        : HikariPool-1 - Thread starvation or clock leap detected (housekeeper delta=13h6m38s101ms375탎600ns).
2026-05-08T12:13:08.223+06:00  WARN 23184 --- [alochito-songbad-backend] [l-1:housekeeper] com.zaxxer.hikari.pool.HikariPool        : HikariPool-1 - Thread starvation or clock leap detected (housekeeper delta=13m11s736ms134탎500ns).
2026-05-08T17:50:41.859+06:00  WARN 23184 --- [alochito-songbad-backend] [l-1:housekeeper] com.zaxxer.hikari.pool.HikariPool        : HikariPool-1 - Thread starvation or clock leap detected (housekeeper delta=3h27m34s729ms886탎299ns).
2026-05-09T09:03:48.640+06:00  WARN 23184 --- [alochito-songbad-backend] [l-1:housekeeper] com.zaxxer.hikari.pool.HikariPool        : HikariPool-1 - Thread starvation or clock leap detected (housekeeper delta=14h59m39s510ms617탎401ns).
2026-05-09T09:44:31.679+06:00  WARN 23184 --- [alochito-songbad-backend] [l-1:housekeeper] com.zaxxer.hikari.pool.HikariPool        : HikariPool-1 - Thread starvation or clock leap detected (housekeeper delta=13m39s262ms347탎600ns).
2026-05-10T07:32:52.997+06:00  WARN 23184 --- [alochito-songbad-backend] [l-1:housekeeper] com.zaxxer.hikari.pool.HikariPool        : HikariPool-1 - Thread starvation or clock leap detected (housekeeper delta=21h44m54s522ms881탎900ns).
2026-05-10T10:27:48.494+06:00  WARN 23184 --- [alochito-songbad-backend] [l-1:housekeeper] com.zaxxer.hikari.pool.HikariPool        : HikariPool-1 - Thread starvation or clock leap detected (housekeeper delta=2h54m30s99ms906탎300ns).
