[INFO] Scanning for projects...
[INFO] 
[INFO] --------------------< com.alochitosongbad:backend >---------------------
[INFO] Building alochito-songbad-backend 0.0.1-SNAPSHOT
[INFO]   from pom.xml
[INFO] --------------------------------[ jar ]---------------------------------
[INFO] 
[INFO] >>> spring-boot:3.5.0:run (default-cli) > test-compile @ backend >>>
[INFO] 
[INFO] --- resources:3.3.1:resources (default-resources) @ backend ---
[INFO] Copying 4 resources from src\main\resources to target\classes
[INFO] Copying 7 resources from src\main\resources to target\classes
[INFO] 
[INFO] --- compiler:3.14.0:compile (default-compile) @ backend ---
[INFO] Nothing to compile - all classes are up to date.
[INFO] 
[INFO] --- resources:3.3.1:testResources (default-testResources) @ backend ---
[INFO] skip non existing resourceDirectory F:\projects\alochito-songbad\backend\src\test\resources
[INFO] 
[INFO] --- compiler:3.14.0:testCompile (default-testCompile) @ backend ---
[INFO] Nothing to compile - all classes are up to date.
[INFO] 
[INFO] <<< spring-boot:3.5.0:run (default-cli) < test-compile @ backend <<<
[INFO] 
[INFO] 
[INFO] --- spring-boot:3.5.0:run (default-cli) @ backend ---
[INFO] Attaching agents: []

  .   ____          _            __ _ _
 /\\ / ___'_ __ _ _(_)_ __  __ _ \ \ \ \
( ( )\___ | '_ | '_| | '_ \/ _` | \ \ \ \
 \\/  ___)| |_)| | | | | || (_| |  ) ) ) )
  '  |____| .__|_| |_|_| |_\__, | / / / /
 =========|_|==============|___/=/_/_/_/

 :: Spring Boot ::                (v3.5.0)

2026-05-06T09:22:42.222+06:00  INFO 13164 --- [alochito-songbad-backend] [           main] c.a.AlochitoSongbadApplication           : Starting AlochitoSongbadApplication using Java 17.0.18 with PID 13164 (F:\projects\alochito-songbad\backend\target\classes started by ASUS in F:\projects\alochito-songbad\backend)
2026-05-06T09:22:42.225+06:00  INFO 13164 --- [alochito-songbad-backend] [           main] c.a.AlochitoSongbadApplication           : The following 1 profile is active: "dev"
2026-05-06T09:22:42.979+06:00  INFO 13164 --- [alochito-songbad-backend] [           main] .s.d.r.c.RepositoryConfigurationDelegate : Bootstrapping Spring Data JPA repositories in DEFAULT mode.
2026-05-06T09:22:43.314+06:00  INFO 13164 --- [alochito-songbad-backend] [           main] .s.d.r.c.RepositoryConfigurationDelegate : Finished Spring Data repository scanning in 79 ms. Found 6 JPA repository interfaces.
2026-05-06T09:22:43.993+06:00  INFO 13164 --- [alochito-songbad-backend] [           main] o.s.b.w.embedded.tomcat.TomcatWebServer  : Tomcat initialized with port 8080 (http)
2026-05-06T09:22:44.032+06:00  INFO 13164 --- [alochito-songbad-backend] [           main] o.apache.catalina.core.StandardService   : Starting service [Tomcat]
2026-05-06T09:22:44.034+06:00  INFO 13164 --- [alochito-songbad-backend] [           main] o.apache.catalina.core.StandardEngine    : Starting Servlet engine: [Apache Tomcat/10.1.41]
2026-05-06T09:22:44.098+06:00  INFO 13164 --- [alochito-songbad-backend] [           main] o.a.c.c.C.[Tomcat].[localhost].[/]       : Initializing Spring embedded WebApplicationContext
2026-05-06T09:22:44.100+06:00  INFO 13164 --- [alochito-songbad-backend] [           main] w.s.c.ServletWebServerApplicationContext : Root WebApplicationContext: initialization completed in 1824 ms
2026-05-06T09:22:44.286+06:00  INFO 13164 --- [alochito-songbad-backend] [           main] o.hibernate.jpa.internal.util.LogHelper  : HHH000204: Processing PersistenceUnitInfo [name: default]
2026-05-06T09:22:44.932+06:00  INFO 13164 --- [alochito-songbad-backend] [           main] org.hibernate.Version                    : HHH000412: Hibernate ORM core version 6.6.15.Final
2026-05-06T09:22:44.964+06:00  INFO 13164 --- [alochito-songbad-backend] [           main] o.h.c.internal.RegionFactoryInitiator    : HHH000026: Second-level cache disabled
2026-05-06T09:22:45.374+06:00  INFO 13164 --- [alochito-songbad-backend] [           main] o.s.o.j.p.SpringPersistenceUnitInfo      : No LoadTimeWeaver setup: ignoring JPA class transformer
2026-05-06T09:22:45.543+06:00  INFO 13164 --- [alochito-songbad-backend] [           main] com.zaxxer.hikari.HikariDataSource       : HikariPool-1 - Starting...
2026-05-06T09:22:45.733+06:00  INFO 13164 --- [alochito-songbad-backend] [           main] com.zaxxer.hikari.pool.HikariPool        : HikariPool-1 - Added connection conn0: url=jdbc:h2:mem:alochito-db user=SA
2026-05-06T09:22:45.924+06:00  INFO 13164 --- [alochito-songbad-backend] [           main] com.zaxxer.hikari.HikariDataSource       : HikariPool-1 - Start completed.
2026-05-06T09:22:45.951+06:00  WARN 13164 --- [alochito-songbad-backend] [           main] org.hibernate.orm.deprecation            : HHH90000025: H2Dialect does not need to be specified explicitly using 'hibernate.dialect' (remove the property setting and it will be selected by default)
2026-05-06T09:22:45.978+06:00  INFO 13164 --- [alochito-songbad-backend] [           main] org.hibernate.orm.connections.pooling    : HHH10001005: Database info:
	Database JDBC URL [Connecting through datasource 'HikariDataSource (HikariPool-1)']
	Database driver: undefined/unknown
	Database version: 2.3.232
	Autocommit mode: undefined/unknown
	Isolation level: undefined/unknown
	Minimum pool size: undefined/unknown
	Maximum pool size: undefined/unknown
2026-05-06T09:22:46.953+06:00  INFO 13164 --- [alochito-songbad-backend] [           main] o.h.e.t.j.p.i.JtaPlatformInitiator       : HHH000489: No JTA platform available (set 'hibernate.transaction.jta.platform' to enable JTA platform integration)
Hibernate: drop table if exists breaking_news cascade 
Hibernate: drop table if exists categories cascade 
Hibernate: drop table if exists comments cascade 
Hibernate: drop table if exists media_assets cascade 
Hibernate: drop table if exists news cascade 
Hibernate: drop table if exists users cascade 
Hibernate: create table breaking_news (active boolean not null, created_at timestamp(6), id bigint generated by default as identity, updated_at timestamp(6), text TEXT not null, primary key (id))
Hibernate: create table categories (created_at timestamp(6), id bigint generated by default as identity, updated_at timestamp(6), name varchar(255) not null, slug varchar(255) not null unique, status varchar(255) not null, primary key (id))
Hibernate: create table comments (created_at timestamp(6), id bigint generated by default as identity, news_id bigint not null, updated_at timestamp(6), author varchar(255) not null, content TEXT not null, status varchar(255) not null, primary key (id))
Hibernate: create table media_assets (created_at timestamp(6), id bigint generated by default as identity, size bigint not null, content_type varchar(255) not null, file_name varchar(255) not null, file_url varchar(255) not null, uploaded_by varchar(255) not null, primary key (id))
Hibernate: create table news (is_breaking boolean, is_featured boolean, category_id bigint, created_at timestamp(6), id bigint generated by default as identity, publish_date timestamp(6), scheduled_at timestamp(6), updated_at timestamp(6), view_count bigint not null, image_url varchar(500), content TEXT, created_by varchar(255), image_alt varchar(255), image_caption TEXT, image_source varchar(255), published_by varchar(255), reporter_name varchar(255), seo_description TEXT, seo_title varchar(255), slug varchar(255) not null unique, source varchar(255), status varchar(255) not null, subtitle varchar(255), tags TEXT, title varchar(255) not null, updated_by varchar(255), primary key (id))
Hibernate: create table users (created_at timestamp(6), id bigint generated by default as identity, updated_at timestamp(6), password varchar(255) not null, role varchar(255) not null, status varchar(255) not null, username varchar(255) not null unique, primary key (id))
Hibernate: alter table if exists comments add constraint FKqx89vg0vuof2ninmn5x5eqau2 foreign key (news_id) references news
Hibernate: alter table if exists news add constraint FK6itmfjj4ma8lfpj10jx24mhvx foreign key (category_id) references categories
2026-05-06T09:22:47.192+06:00  INFO 13164 --- [alochito-songbad-backend] [           main] j.LocalContainerEntityManagerFactoryBean : Initialized JPA EntityManagerFactory for persistence unit 'default'
2026-05-06T09:22:47.687+06:00  INFO 13164 --- [alochito-songbad-backend] [           main] o.s.d.j.r.query.QueryEnhancerFactory     : Hibernate is in classpath; If applicable, HQL parser will be used.
2026-05-06T09:22:48.481+06:00  INFO 13164 --- [alochito-songbad-backend] [           main] c.a.media.MediaAssetService              : Media upload directory ready at F:\projects\alochito-songbad\backend\uploads
2026-05-06T09:22:48.568+06:00  WARN 13164 --- [alochito-songbad-backend] [           main] .s.s.UserDetailsServiceAutoConfiguration : 

Using generated security password: a15f68ad-a255-4ee4-b033-ace9873c98d3

This generated password is for development use only. Your security configuration must be updated before running your application in production.

2026-05-06T09:22:48.754+06:00  INFO 13164 --- [alochito-songbad-backend] [           main] r$InitializeUserDetailsManagerConfigurer : Global AuthenticationManager configured with UserDetailsService bean with name inMemoryUserDetailsManager
2026-05-06T09:22:49.169+06:00  WARN 13164 --- [alochito-songbad-backend] [           main] ConfigServletWebServerApplicationContext : Exception encountered during context initialization - cancelling refresh attempt: org.springframework.context.ApplicationContextException: Failed to start bean 'webServerStartStop'
2026-05-06T09:22:49.197+06:00  INFO 13164 --- [alochito-songbad-backend] [           main] j.LocalContainerEntityManagerFactoryBean : Closing JPA EntityManagerFactory for persistence unit 'default'
Hibernate: drop table if exists breaking_news cascade 
Hibernate: drop table if exists categories cascade 
Hibernate: drop table if exists comments cascade 
Hibernate: drop table if exists media_assets cascade 
Hibernate: drop table if exists news cascade 
Hibernate: drop table if exists users cascade 
2026-05-06T09:22:49.217+06:00  INFO 13164 --- [alochito-songbad-backend] [           main] com.zaxxer.hikari.HikariDataSource       : HikariPool-1 - Shutdown initiated...
2026-05-06T09:22:49.220+06:00  INFO 13164 --- [alochito-songbad-backend] [           main] com.zaxxer.hikari.HikariDataSource       : HikariPool-1 - Shutdown completed.
2026-05-06T09:22:49.233+06:00  INFO 13164 --- [alochito-songbad-backend] [           main] .s.b.a.l.ConditionEvaluationReportLogger : 

Error starting ApplicationContext. To display the condition evaluation report re-run your application with 'debug' enabled.
2026-05-06T09:22:49.258+06:00 ERROR 13164 --- [alochito-songbad-backend] [           main] o.s.b.d.LoggingFailureAnalysisReporter   : 

***************************
APPLICATION FAILED TO START
***************************

Description:

Web server failed to start. Port 8080 was already in use.

Action:

Identify and stop the process that's listening on port 8080 or configure this application to listen on another port.

[INFO] ------------------------------------------------------------------------
[INFO] BUILD FAILURE
[INFO] ------------------------------------------------------------------------
[INFO] Total time:  18.718 s
[INFO] Finished at: 2026-05-06T09:22:49+06:00
[INFO] ------------------------------------------------------------------------
[ERROR] Failed to execute goal org.springframework.boot:spring-boot-maven-plugin:3.5.0:run (default-cli) on project backend: Process terminated with exit code: 1 -> [Help 1]
[ERROR] 
[ERROR] To see the full stack trace of the errors, re-run Maven with the -e switch.
[ERROR] Re-run Maven using the -X switch to enable full debug logging.
[ERROR] 
[ERROR] For more information about the errors and possible solutions, please read the following articles:
[ERROR] [Help 1] http://cwiki.apache.org/confluence/display/MAVEN/MojoExecutionException
