[INFO] Scanning for projects...
[INFO] 
[INFO] --------------------< com.alochitosongbad:backend >---------------------
[INFO] Building alochito-songbad-backend 0.0.1-SNAPSHOT
[INFO]   from pom.xml
[INFO] --------------------------------[ jar ]---------------------------------
[INFO] 
[INFO] >>> spring-boot:3.5.0:run (default-cli) > test-compile @ backend >>>
[INFO] 
[INFO] --- resources:3.3.1:resources (default-resources) @ backend ---
[INFO] Copying 4 resources from src\main\resources to target\classes
[INFO] Copying 7 resources from src\main\resources to target\classes
[INFO] 
[INFO] --- compiler:3.14.0:compile (default-compile) @ backend ---
[INFO] Nothing to compile - all classes are up to date.
[INFO] 
[INFO] --- resources:3.3.1:testResources (default-testResources) @ backend ---
[INFO] skip non existing resourceDirectory F:\projects\alochito-songbad\backend\src\test\resources
[INFO] 
[INFO] --- compiler:3.14.0:testCompile (default-testCompile) @ backend ---
[INFO] Nothing to compile - all classes are up to date.
[INFO] 
[INFO] <<< spring-boot:3.5.0:run (default-cli) < test-compile @ backend <<<
[INFO] 
[INFO] 
[INFO] --- spring-boot:3.5.0:run (default-cli) @ backend ---
[INFO] Attaching agents: []

  .   ____          _            __ _ _
 /\\ / ___'_ __ _ _(_)_ __  __ _ \ \ \ \
( ( )\___ | '_ | '_| | '_ \/ _` | \ \ \ \
 \\/  ___)| |_)| | | | | || (_| |  ) ) ) )
  '  |____| .__|_| |_|_| |_\__, | / / / /
 =========|_|==============|___/=/_/_/_/

 :: Spring Boot ::                (v3.5.0)

2026-05-06T08:40:53.070+06:00  INFO 9556 --- [alochito-songbad-backend] [           main] c.a.AlochitoSongbadApplication           : Starting AlochitoSongbadApplication using Java 17.0.18 with PID 9556 (F:\projects\alochito-songbad\backend\target\classes started by ASUS in F:\projects\alochito-songbad\backend)
2026-05-06T08:40:53.078+06:00  INFO 9556 --- [alochito-songbad-backend] [           main] c.a.AlochitoSongbadApplication           : The following 1 profile is active: "dev"
2026-05-06T08:40:53.914+06:00  INFO 9556 --- [alochito-songbad-backend] [           main] .s.d.r.c.RepositoryConfigurationDelegate : Bootstrapping Spring Data JPA repositories in DEFAULT mode.
2026-05-06T08:40:54.101+06:00  INFO 9556 --- [alochito-songbad-backend] [           main] .s.d.r.c.RepositoryConfigurationDelegate : Finished Spring Data repository scanning in 90 ms. Found 6 JPA repository interfaces.
2026-05-06T08:40:54.750+06:00  INFO 9556 --- [alochito-songbad-backend] [           main] o.s.b.w.embedded.tomcat.TomcatWebServer  : Tomcat initialized with port 8080 (http)
2026-05-06T08:40:54.827+06:00  INFO 9556 --- [alochito-songbad-backend] [           main] o.apache.catalina.core.StandardService   : Starting service [Tomcat]
2026-05-06T08:40:54.827+06:00  INFO 9556 --- [alochito-songbad-backend] [           main] o.apache.catalina.core.StandardEngine    : Starting Servlet engine: [Apache Tomcat/10.1.41]
2026-05-06T08:40:54.900+06:00  INFO 9556 --- [alochito-songbad-backend] [           main] o.a.c.c.C.[Tomcat].[localhost].[/]       : Initializing Spring embedded WebApplicationContext
2026-05-06T08:40:54.903+06:00  INFO 9556 --- [alochito-songbad-backend] [           main] w.s.c.ServletWebServerApplicationContext : Root WebApplicationContext: initialization completed in 1768 ms
2026-05-06T08:40:55.132+06:00  INFO 9556 --- [alochito-songbad-backend] [           main] o.hibernate.jpa.internal.util.LogHelper  : HHH000204: Processing PersistenceUnitInfo [name: default]
2026-05-06T08:40:55.216+06:00  INFO 9556 --- [alochito-songbad-backend] [           main] org.hibernate.Version                    : HHH000412: Hibernate ORM core version 6.6.15.Final
2026-05-06T08:40:55.264+06:00  INFO 9556 --- [alochito-songbad-backend] [           main] o.h.c.internal.RegionFactoryInitiator    : HHH000026: Second-level cache disabled
2026-05-06T08:40:55.635+06:00  INFO 9556 --- [alochito-songbad-backend] [           main] o.s.o.j.p.SpringPersistenceUnitInfo      : No LoadTimeWeaver setup: ignoring JPA class transformer
2026-05-06T08:40:55.677+06:00  INFO 9556 --- [alochito-songbad-backend] [           main] com.zaxxer.hikari.HikariDataSource       : HikariPool-1 - Starting...
2026-05-06T08:40:55.931+06:00  INFO 9556 --- [alochito-songbad-backend] [           main] com.zaxxer.hikari.pool.HikariPool        : HikariPool-1 - Added connection conn0: url=jdbc:h2:mem:alochito-db user=SA
2026-05-06T08:40:55.974+06:00  INFO 9556 --- [alochito-songbad-backend] [           main] com.zaxxer.hikari.HikariDataSource       : HikariPool-1 - Start completed.
2026-05-06T08:40:56.014+06:00  WARN 9556 --- [alochito-songbad-backend] [           main] org.hibernate.orm.deprecation            : HHH90000025: H2Dialect does not need to be specified explicitly using 'hibernate.dialect' (remove the property setting and it will be selected by default)
2026-05-06T08:40:56.048+06:00  INFO 9556 --- [alochito-songbad-backend] [           main] org.hibernate.orm.connections.pooling    : HHH10001005: Database info:
	Database JDBC URL [Connecting through datasource 'HikariDataSource (HikariPool-1)']
	Database driver: undefined/unknown
	Database version: 2.3.232
	Autocommit mode: undefined/unknown
	Isolation level: undefined/unknown
	Minimum pool size: undefined/unknown
	Maximum pool size: undefined/unknown
2026-05-06T08:40:57.174+06:00  INFO 9556 --- [alochito-songbad-backend] [           main] o.h.e.t.j.p.i.JtaPlatformInitiator       : HHH000489: No JTA platform available (set 'hibernate.transaction.jta.platform' to enable JTA platform integration)
Hibernate: drop table if exists breaking_news cascade 
Hibernate: drop table if exists categories cascade 
Hibernate: drop table if exists comments cascade 
Hibernate: drop table if exists media_assets cascade 
Hibernate: drop table if exists news cascade 
Hibernate: drop table if exists users cascade 
Hibernate: create table breaking_news (active boolean not null, created_at timestamp(6), id bigint generated by default as identity, updated_at timestamp(6), text TEXT not null, primary key (id))
Hibernate: create table categories (created_at timestamp(6), id bigint generated by default as identity, updated_at timestamp(6), name varchar(255) not null, slug varchar(255) not null unique, status varchar(255) not null, primary key (id))
Hibernate: create table comments (created_at timestamp(6), id bigint generated by default as identity, news_id bigint not null, updated_at timestamp(6), author varchar(255) not null, content TEXT not null, status varchar(255) not null, primary key (id))
Hibernate: create table media_assets (created_at timestamp(6), id bigint generated by default as identity, size bigint not null, content_type varchar(255) not null, file_name varchar(255) not null, file_url varchar(255) not null, uploaded_by varchar(255) not null, primary key (id))
Hibernate: create table news (is_breaking boolean, is_featured boolean, category_id bigint, created_at timestamp(6), id bigint generated by default as identity, publish_date timestamp(6), scheduled_at timestamp(6), updated_at timestamp(6), view_count bigint not null, image_url varchar(500), content TEXT, created_by varchar(255), image_alt varchar(255), image_caption TEXT, image_source varchar(255), published_by varchar(255), reporter_name varchar(255), seo_description TEXT, seo_title varchar(255), slug varchar(255) not null unique, source varchar(255), status varchar(255) not null, subtitle varchar(255), tags TEXT, title varchar(255) not null, updated_by varchar(255), primary key (id))
Hibernate: create table users (created_at timestamp(6), id bigint generated by default as identity, updated_at timestamp(6), password varchar(255) not null, role varchar(255) not null, status varchar(255) not null, username varchar(255) not null unique, primary key (id))
Hibernate: alter table if exists comments add constraint FKqx89vg0vuof2ninmn5x5eqau2 foreign key (news_id) references news
Hibernate: alter table if exists news add constraint FK6itmfjj4ma8lfpj10jx24mhvx foreign key (category_id) references categories
2026-05-06T08:40:57.426+06:00  INFO 9556 --- [alochito-songbad-backend] [           main] j.LocalContainerEntityManagerFactoryBean : Initialized JPA EntityManagerFactory for persistence unit 'default'
2026-05-06T08:40:57.946+06:00  INFO 9556 --- [alochito-songbad-backend] [           main] o.s.d.j.r.query.QueryEnhancerFactory     : Hibernate is in classpath; If applicable, HQL parser will be used.
2026-05-06T08:40:58.828+06:00  INFO 9556 --- [alochito-songbad-backend] [           main] c.a.media.MediaAssetService              : Media upload directory ready at F:\projects\alochito-songbad\backend\uploads
2026-05-06T08:40:59.217+06:00  WARN 9556 --- [alochito-songbad-backend] [           main] .s.s.UserDetailsServiceAutoConfiguration : 

Using generated security password: b692a820-6247-43fe-98b0-c7f9af0a26ff

This generated password is for development use only. Your security configuration must be updated before running your application in production.

2026-05-06T08:40:59.626+06:00  INFO 9556 --- [alochito-songbad-backend] [           main] r$InitializeUserDetailsManagerConfigurer : Global AuthenticationManager configured with UserDetailsService bean with name inMemoryUserDetailsManager
2026-05-06T08:41:00.166+06:00  INFO 9556 --- [alochito-songbad-backend] [           main] o.s.b.w.embedded.tomcat.TomcatWebServer  : Tomcat started on port 8080 (http) with context path '/'
2026-05-06T08:41:00.178+06:00  INFO 9556 --- [alochito-songbad-backend] [           main] c.a.AlochitoSongbadApplication           : Started AlochitoSongbadApplication in 7.71 seconds (process running for 8.151)
Hibernate: select u1_0.id,u1_0.created_at,u1_0.password,u1_0.role,u1_0.status,u1_0.updated_at,u1_0.username from users u1_0 where u1_0.username=?
Hibernate: insert into users (created_at,password,role,status,updated_at,username,id) values (?,?,?,?,?,?,default)
Hibernate: select u1_0.id,u1_0.created_at,u1_0.password,u1_0.role,u1_0.status,u1_0.updated_at,u1_0.username from users u1_0 where u1_0.username=?
Hibernate: insert into users (created_at,password,role,status,updated_at,username,id) values (?,?,?,?,?,?,default)
Hibernate: select u1_0.id,u1_0.created_at,u1_0.password,u1_0.role,u1_0.status,u1_0.updated_at,u1_0.username from users u1_0 where u1_0.username=?
Hibernate: insert into users (created_at,password,role,status,updated_at,username,id) values (?,?,?,?,?,?,default)
2026-05-06T08:44:32.049+06:00  INFO 9556 --- [alochito-songbad-backend] [nio-8080-exec-2] o.a.c.c.C.[Tomcat].[localhost].[/]       : Initializing Spring DispatcherServlet 'dispatcherServlet'
2026-05-06T08:44:32.052+06:00  INFO 9556 --- [alochito-songbad-backend] [nio-8080-exec-2] o.s.web.servlet.DispatcherServlet        : Initializing Servlet 'dispatcherServlet'
2026-05-06T08:44:32.054+06:00  INFO 9556 --- [alochito-songbad-backend] [nio-8080-exec-2] o.s.web.servlet.DispatcherServlet        : Completed initialization in 1 ms
Hibernate: select u1_0.id,u1_0.created_at,u1_0.password,u1_0.role,u1_0.status,u1_0.updated_at,u1_0.username from users u1_0 where u1_0.username=?
Hibernate: select u1_0.id,u1_0.created_at,u1_0.password,u1_0.role,u1_0.status,u1_0.updated_at,u1_0.username from users u1_0 where u1_0.username=?
Hibernate: select u1_0.id,u1_0.created_at,u1_0.password,u1_0.role,u1_0.status,u1_0.updated_at,u1_0.username from users u1_0 where u1_0.username=?
Hibernate: select u1_0.id from users u1_0 where u1_0.username=? fetch first ? rows only
Hibernate: insert into users (created_at,password,role,status,updated_at,username,id) values (?,?,?,?,?,?,default)
Hibernate: select u1_0.id,u1_0.created_at,u1_0.password,u1_0.role,u1_0.status,u1_0.updated_at,u1_0.username from users u1_0 where u1_0.username=?
Hibernate: select u1_0.id,u1_0.created_at,u1_0.password,u1_0.role,u1_0.status,u1_0.updated_at,u1_0.username from users u1_0 where u1_0.id=?
Hibernate: select u1_0.id,u1_0.created_at,u1_0.password,u1_0.role,u1_0.status,u1_0.updated_at,u1_0.username from users u1_0 where u1_0.id=?
Hibernate: update users set created_at=?,password=?,role=?,status=?,updated_at=?,username=? where id=?
Hibernate: select u1_0.id,u1_0.created_at,u1_0.password,u1_0.role,u1_0.status,u1_0.updated_at,u1_0.username from users u1_0 where u1_0.username=?
Hibernate: select u1_0.id,u1_0.created_at,u1_0.password,u1_0.role,u1_0.status,u1_0.updated_at,u1_0.username from users u1_0 where u1_0.id=?
Hibernate: select u1_0.id,u1_0.created_at,u1_0.password,u1_0.role,u1_0.status,u1_0.updated_at,u1_0.username from users u1_0 where u1_0.id=?
Hibernate: update users set created_at=?,password=?,role=?,status=?,updated_at=?,username=? where id=?
Hibernate: select u1_0.id,u1_0.created_at,u1_0.password,u1_0.role,u1_0.status,u1_0.updated_at,u1_0.username from users u1_0 where u1_0.username=?
Hibernate: select c1_0.id,c1_0.created_at,c1_0.name,c1_0.slug,c1_0.status,c1_0.updated_at from categories c1_0 where c1_0.slug=?
Hibernate: select c1_0.id,c1_0.created_at,c1_0.name,c1_0.slug,c1_0.status,c1_0.updated_at from categories c1_0 where c1_0.slug=?
Hibernate: select c1_0.id,c1_0.created_at,c1_0.name,c1_0.slug,c1_0.status,c1_0.updated_at from categories c1_0 where upper(c1_0.name)=upper(?)
Hibernate: select n1_0.id,n1_0.is_breaking,n1_0.category_id,n1_0.content,n1_0.created_at,n1_0.created_by,n1_0.is_featured,n1_0.image_alt,n1_0.image_caption,n1_0.image_source,n1_0.image_url,n1_0.publish_date,n1_0.published_by,n1_0.reporter_name,n1_0.scheduled_at,n1_0.seo_description,n1_0.seo_title,n1_0.slug,n1_0.source,n1_0.status,n1_0.subtitle,n1_0.tags,n1_0.title,n1_0.updated_at,n1_0.updated_by,n1_0.view_count from news n1_0 where n1_0.status='published' and coalesce(n1_0.publish_date,n1_0.scheduled_at,n1_0.created_at)<=? order by coalesce(n1_0.publish_date,n1_0.scheduled_at,n1_0.created_at) desc,n1_0.id desc fetch first ? rows only
2026-05-06T08:44:33.643+06:00  WARN 9556 --- [alochito-songbad-backend] [nio-8080-exec-8] ration$PageModule$WarningLoggingModifier : Serializing PageImpl instances as-is is not supported, meaning that there is no guarantee about the stability of the resulting JSON structure!
	For a stable JSON structure, please use Spring Data's PagedModel (globally via @EnableSpringDataWebSupport(pageSerializationMode = VIA_DTO))
	or Spring HATEOAS and Spring Data's PagedResourcesAssembler as documented in https://docs.spring.io/spring-data/commons/reference/repositories/core-extensions.html#core.web.pageables.

Hibernate: select u1_0.id,u1_0.created_at,u1_0.password,u1_0.role,u1_0.status,u1_0.updated_at,u1_0.username from users u1_0 where u1_0.username=?
Hibernate: select c1_0.id,c1_0.author,c1_0.content,c1_0.created_at,c1_0.news_id,c1_0.status,c1_0.updated_at from comments c1_0 order by c1_0.created_at desc
Hibernate: select u1_0.id,u1_0.created_at,u1_0.password,u1_0.role,u1_0.status,u1_0.updated_at,u1_0.username from users u1_0 where u1_0.username=?
Hibernate: select count(*) from news n1_0
Hibernate: select count(n1_0.id) from news n1_0 where n1_0.status=?
Hibernate: select count(n1_0.id) from news n1_0 where n1_0.status=?
Hibernate: select count(n1_0.id) from news n1_0 where n1_0.status=?
Hibernate: select count(*) from users u1_0
Hibernate: select count(c1_0.id) from comments c1_0 where c1_0.status=?
Hibernate: select u1_0.id,u1_0.created_at,u1_0.password,u1_0.role,u1_0.status,u1_0.updated_at,u1_0.username from users u1_0 where u1_0.username=?
Hibernate: select u1_0.id,u1_0.created_at,u1_0.password,u1_0.role,u1_0.status,u1_0.updated_at,u1_0.username from users u1_0
Hibernate: select u1_0.id,u1_0.created_at,u1_0.password,u1_0.role,u1_0.status,u1_0.updated_at,u1_0.username from users u1_0 where u1_0.username=?
Hibernate: select u1_0.id,u1_0.created_at,u1_0.password,u1_0.role,u1_0.status,u1_0.updated_at,u1_0.username from users u1_0 where u1_0.username=?
Hibernate: select u1_0.id,u1_0.created_at,u1_0.password,u1_0.role,u1_0.status,u1_0.updated_at,u1_0.username from users u1_0 where u1_0.username=?
Hibernate: select u1_0.id,u1_0.created_at,u1_0.password,u1_0.role,u1_0.status,u1_0.updated_at,u1_0.username from users u1_0 where u1_0.username=?
Hibernate: select c1_0.id from categories c1_0 where c1_0.slug=? fetch first ? rows only
Hibernate: insert into categories (created_at,name,slug,status,updated_at,id) values (?,?,?,?,?,default)
Hibernate: select u1_0.id,u1_0.created_at,u1_0.password,u1_0.role,u1_0.status,u1_0.updated_at,u1_0.username from users u1_0 where u1_0.username=?
Hibernate: select u1_0.id from users u1_0 where u1_0.username=? fetch first ? rows only
Hibernate: insert into users (created_at,password,role,status,updated_at,username,id) values (?,?,?,?,?,?,default)
Hibernate: select u1_0.id,u1_0.created_at,u1_0.password,u1_0.role,u1_0.status,u1_0.updated_at,u1_0.username from users u1_0 where u1_0.username=?
Hibernate: select u1_0.id,u1_0.created_at,u1_0.password,u1_0.role,u1_0.status,u1_0.updated_at,u1_0.username from users u1_0 where u1_0.id=?
Hibernate: select u1_0.id,u1_0.created_at,u1_0.password,u1_0.role,u1_0.status,u1_0.updated_at,u1_0.username from users u1_0 where u1_0.id=?
Hibernate: update users set created_at=?,password=?,role=?,status=?,updated_at=?,username=? where id=?
Hibernate: select u1_0.id,u1_0.created_at,u1_0.password,u1_0.role,u1_0.status,u1_0.updated_at,u1_0.username from users u1_0 where u1_0.username=?
Hibernate: select u1_0.id,u1_0.created_at,u1_0.password,u1_0.role,u1_0.status,u1_0.updated_at,u1_0.username from users u1_0 where u1_0.id=?
Hibernate: select u1_0.id,u1_0.created_at,u1_0.password,u1_0.role,u1_0.status,u1_0.updated_at,u1_0.username from users u1_0 where u1_0.id=?
Hibernate: update users set created_at=?,password=?,role=?,status=?,updated_at=?,username=? where id=?
Hibernate: select u1_0.id,u1_0.created_at,u1_0.password,u1_0.role,u1_0.status,u1_0.updated_at,u1_0.username from users u1_0 where u1_0.username=?
Hibernate: select c1_0.id,c1_0.created_at,c1_0.name,c1_0.slug,c1_0.status,c1_0.updated_at from categories c1_0 where c1_0.slug=?
Hibernate: select n1_0.id from news n1_0 where n1_0.slug=? fetch first ? rows only
Hibernate: insert into news (is_breaking,category_id,content,created_at,created_by,is_featured,image_alt,image_caption,image_source,image_url,publish_date,published_by,reporter_name,scheduled_at,seo_description,seo_title,slug,source,status,subtitle,tags,title,updated_at,updated_by,view_count,id) values (?,?,?,?,?,?,?,?,?,?,?,?,?,?,?,?,?,?,?,?,?,?,?,?,?,default)
Hibernate: select u1_0.id,u1_0.created_at,u1_0.password,u1_0.role,u1_0.status,u1_0.updated_at,u1_0.username from users u1_0 where u1_0.username=?
Hibernate: select c1_0.id,c1_0.created_at,c1_0.name,c1_0.slug,c1_0.status,c1_0.updated_at from categories c1_0 where c1_0.slug=?
Hibernate: select n1_0.id from news n1_0 where n1_0.slug=? fetch first ? rows only
Hibernate: insert into news (is_breaking,category_id,content,created_at,created_by,is_featured,image_alt,image_caption,image_source,image_url,publish_date,published_by,reporter_name,scheduled_at,seo_description,seo_title,slug,source,status,subtitle,tags,title,updated_at,updated_by,view_count,id) values (?,?,?,?,?,?,?,?,?,?,?,?,?,?,?,?,?,?,?,?,?,?,?,?,?,default)
Hibernate: select n1_0.id,n1_0.is_breaking,n1_0.category_id,n1_0.content,n1_0.created_at,n1_0.created_by,n1_0.is_featured,n1_0.image_alt,n1_0.image_caption,n1_0.image_source,n1_0.image_url,n1_0.publish_date,n1_0.published_by,n1_0.reporter_name,n1_0.scheduled_at,n1_0.seo_description,n1_0.seo_title,n1_0.slug,n1_0.source,n1_0.status,n1_0.subtitle,n1_0.tags,n1_0.title,n1_0.updated_at,n1_0.updated_by,n1_0.view_count from news n1_0 where n1_0.status='published' and coalesce(n1_0.publish_date,n1_0.scheduled_at,n1_0.created_at)<=? order by coalesce(n1_0.publish_date,n1_0.scheduled_at,n1_0.created_at) desc,n1_0.id desc fetch first ? rows only
Hibernate: select c1_0.id,c1_0.created_at,c1_0.name,c1_0.slug,c1_0.status,c1_0.updated_at from categories c1_0 where c1_0.id=?
Hibernate: select n1_0.id,n1_0.is_breaking,c1_0.id,c1_0.created_at,c1_0.name,c1_0.slug,c1_0.status,c1_0.updated_at,n1_0.content,n1_0.created_at,n1_0.created_by,n1_0.is_featured,n1_0.image_alt,n1_0.image_caption,n1_0.image_source,n1_0.image_url,n1_0.publish_date,n1_0.published_by,n1_0.reporter_name,n1_0.scheduled_at,n1_0.seo_description,n1_0.seo_title,n1_0.slug,n1_0.source,n1_0.status,n1_0.subtitle,n1_0.tags,n1_0.title,n1_0.updated_at,n1_0.updated_by,n1_0.view_count from news n1_0 left join categories c1_0 on c1_0.id=n1_0.category_id where n1_0.id=?
Hibernate: insert into comments (author,content,created_at,news_id,status,updated_at,id) values (?,?,?,?,?,?,default)
Hibernate: select c1_0.id,c1_0.author,c1_0.content,c1_0.created_at,c1_0.news_id,c1_0.status,c1_0.updated_at from comments c1_0 left join news n1_0 on n1_0.id=c1_0.news_id where n1_0.id=? and c1_0.status=? order by c1_0.created_at desc
Hibernate: select u1_0.id,u1_0.created_at,u1_0.password,u1_0.role,u1_0.status,u1_0.updated_at,u1_0.username from users u1_0 where u1_0.username=?
Hibernate: select c1_0.id,c1_0.author,c1_0.content,c1_0.created_at,c1_0.news_id,c1_0.status,c1_0.updated_at from comments c1_0 order by c1_0.created_at desc
Hibernate: select n1_0.id,n1_0.is_breaking,c1_0.id,c1_0.created_at,c1_0.name,c1_0.slug,c1_0.status,c1_0.updated_at,n1_0.content,n1_0.created_at,n1_0.created_by,n1_0.is_featured,n1_0.image_alt,n1_0.image_caption,n1_0.image_source,n1_0.image_url,n1_0.publish_date,n1_0.published_by,n1_0.reporter_name,n1_0.scheduled_at,n1_0.seo_description,n1_0.seo_title,n1_0.slug,n1_0.source,n1_0.status,n1_0.subtitle,n1_0.tags,n1_0.title,n1_0.updated_at,n1_0.updated_by,n1_0.view_count from news n1_0 left join categories c1_0 on c1_0.id=n1_0.category_id where n1_0.id=?
Hibernate: select u1_0.id,u1_0.created_at,u1_0.password,u1_0.role,u1_0.status,u1_0.updated_at,u1_0.username from users u1_0 where u1_0.username=?
Hibernate: select c1_0.id,c1_0.author,c1_0.content,c1_0.created_at,c1_0.news_id,n1_0.id,n1_0.is_breaking,c2_0.id,c2_0.created_at,c2_0.name,c2_0.slug,c2_0.status,c2_0.updated_at,n1_0.content,n1_0.created_at,n1_0.created_by,n1_0.is_featured,n1_0.image_alt,n1_0.image_caption,n1_0.image_source,n1_0.image_url,n1_0.publish_date,n1_0.published_by,n1_0.reporter_name,n1_0.scheduled_at,n1_0.seo_description,n1_0.seo_title,n1_0.slug,n1_0.source,n1_0.status,n1_0.subtitle,n1_0.tags,n1_0.title,n1_0.updated_at,n1_0.updated_by,n1_0.view_count,c1_0.status,c1_0.updated_at from comments c1_0 join news n1_0 on n1_0.id=c1_0.news_id left join categories c2_0 on c2_0.id=n1_0.category_id where c1_0.id=?
Hibernate: select c1_0.id,c1_0.author,c1_0.content,c1_0.created_at,c1_0.news_id,n1_0.id,n1_0.is_breaking,c2_0.id,c2_0.created_at,c2_0.name,c2_0.slug,c2_0.status,c2_0.updated_at,n1_0.content,n1_0.created_at,n1_0.created_by,n1_0.is_featured,n1_0.image_alt,n1_0.image_caption,n1_0.image_source,n1_0.image_url,n1_0.publish_date,n1_0.published_by,n1_0.reporter_name,n1_0.scheduled_at,n1_0.seo_description,n1_0.seo_title,n1_0.slug,n1_0.source,n1_0.status,n1_0.subtitle,n1_0.tags,n1_0.title,n1_0.updated_at,n1_0.updated_by,n1_0.view_count,c1_0.status,c1_0.updated_at from comments c1_0 join news n1_0 on n1_0.id=c1_0.news_id left join categories c2_0 on c2_0.id=n1_0.category_id where c1_0.id=?
Hibernate: update comments set author=?,content=?,created_at=?,news_id=?,status=?,updated_at=? where id=?
Hibernate: select c1_0.id,c1_0.author,c1_0.content,c1_0.created_at,c1_0.news_id,c1_0.status,c1_0.updated_at from comments c1_0 left join news n1_0 on n1_0.id=c1_0.news_id where n1_0.id=? and c1_0.status=? order by c1_0.created_at desc
Hibernate: select n1_0.id,n1_0.is_breaking,c1_0.id,c1_0.created_at,c1_0.name,c1_0.slug,c1_0.status,c1_0.updated_at,n1_0.content,n1_0.created_at,n1_0.created_by,n1_0.is_featured,n1_0.image_alt,n1_0.image_caption,n1_0.image_source,n1_0.image_url,n1_0.publish_date,n1_0.published_by,n1_0.reporter_name,n1_0.scheduled_at,n1_0.seo_description,n1_0.seo_title,n1_0.slug,n1_0.source,n1_0.status,n1_0.subtitle,n1_0.tags,n1_0.title,n1_0.updated_at,n1_0.updated_by,n1_0.view_count from news n1_0 left join categories c1_0 on c1_0.id=n1_0.category_id where n1_0.id=?
Hibernate: select u1_0.id,u1_0.created_at,u1_0.password,u1_0.role,u1_0.status,u1_0.updated_at,u1_0.username from users u1_0 where u1_0.username=?
Hibernate: select count(*) from news n1_0
Hibernate: select count(n1_0.id) from news n1_0 where n1_0.status=?
Hibernate: select count(n1_0.id) from news n1_0 where n1_0.status=?
Hibernate: select count(n1_0.id) from news n1_0 where n1_0.status=?
Hibernate: select count(*) from users u1_0
Hibernate: select count(c1_0.id) from comments c1_0 where c1_0.status=?
Hibernate: select u1_0.id,u1_0.created_at,u1_0.password,u1_0.role,u1_0.status,u1_0.updated_at,u1_0.username from users u1_0 where u1_0.username=?
Hibernate: select u1_0.id,u1_0.created_at,u1_0.password,u1_0.role,u1_0.status,u1_0.updated_at,u1_0.username from users u1_0
Hibernate: select u1_0.id,u1_0.created_at,u1_0.password,u1_0.role,u1_0.status,u1_0.updated_at,u1_0.username from users u1_0 where u1_0.username=?
Hibernate: select u1_0.id,u1_0.created_at,u1_0.password,u1_0.role,u1_0.status,u1_0.updated_at,u1_0.username from users u1_0 where u1_0.username=?
